2026-04-28 22:02:06,636 - masks.py - get_mask_account - INFO - start to create a mask for account number 
2026-04-28 22:02:06,636 - masks.py - get_mask_account - INFO - a mask for account number is created
2026-04-28 22:02:06,636 - masks.py - get_mask_account - INFO - end getting mask account number
2026-04-28 22:02:06,650 - masks.py - get_mask_card_number - INFO - start to create a mask for card number
2026-04-28 22:02:06,650 - masks.py - get_mask_card_number - INFO - a mask for card number is created
2026-04-28 22:02:06,650 - masks.py - get_mask_card_number - INFO - end getting mask card number
2026-04-28 22:02:06,651 - masks.py - get_mask_card_number - INFO - start to create a mask for card number
2026-04-28 22:02:06,651 - masks.py - get_mask_card_number - INFO - a mask for card number is created
2026-04-28 22:02:06,651 - masks.py - get_mask_card_number - INFO - end getting mask card number
2026-04-28 22:02:06,652 - masks.py - get_mask_account - INFO - start to create a mask for account number 
2026-04-28 22:02:06,652 - masks.py - get_mask_account - INFO - a mask for account number is created
2026-04-28 22:02:06,652 - masks.py - get_mask_account - INFO - end getting mask account number
2026-04-28 22:02:06,653 - masks.py - get_mask_account - INFO - start to create a mask for account number 
2026-04-28 22:02:06,653 - masks.py - get_mask_account - INFO - a mask for account number is created
2026-04-28 22:02:06,653 - masks.py - get_mask_account - INFO - end getting mask account number
2026-04-28 22:02:06,658 - masks.py - get_mask_card_number - INFO - start to create a mask for card number
2026-04-28 22:02:06,658 - masks.py - get_mask_card_number - INFO - a mask for card number is created
2026-04-28 22:02:06,658 - masks.py - get_mask_card_number - INFO - end getting mask card number
2026-04-28 22:02:06,659 - masks.py - get_mask_account - INFO - start to create a mask for account number 
2026-04-28 22:02:06,659 - masks.py - get_mask_account - INFO - a mask for account number is created
2026-04-28 22:02:06,659 - masks.py - get_mask_account - INFO - end getting mask account number
2026-04-28 22:02:06,660 - masks.py - get_mask_card_number - INFO - start to create a mask for card number
2026-04-28 22:02:06,660 - masks.py - get_mask_card_number - INFO - a mask for card number is created
2026-04-28 22:02:06,660 - masks.py - get_mask_card_number - INFO - end getting mask card number
2026-04-28 22:02:06,661 - masks.py - get_mask_card_number - INFO - start to create a mask for card number
2026-04-28 22:02:06,661 - masks.py - get_mask_card_number - INFO - a mask for card number is created
2026-04-28 22:02:06,661 - masks.py - get_mask_card_number - INFO - end getting mask card number
2026-04-28 22:02:06,662 - masks.py - get_mask_card_number - INFO - start to create a mask for card number
2026-04-28 22:02:06,662 - masks.py - get_mask_card_number - INFO - a mask for card number is created
2026-04-28 22:02:06,662 - masks.py - get_mask_card_number - INFO - end getting mask card number
2026-04-28 22:02:06,663 - masks.py - get_mask_card_number - INFO - start to create a mask for card number
2026-04-28 22:02:06,663 - masks.py - get_mask_card_number - INFO - a mask for card number is created
2026-04-28 22:02:06,663 - masks.py - get_mask_card_number - INFO - end getting mask card number
